[  00000 Itilizi cou subs ust
[   0000] nialzinggrp ubs u[   .000] Iniazig cgupubys cac
    0000 Lin vsin .4-96-neri(bld@lgw-1 (cc vsi 54.0 1609(Ubuu .4.0-6un1~164. )#1-Unt SMPueep 1149:4 TC01(Ubunt 44.06.19-ger 44.)    0000]Commd ne: OTMAE=oo/vmlin-4.096-ger rotAB=coudi-rot ro onlety1 onol=tyS
[   .000] KEELuportecp:
[  00000] IelGenunete
[  00000] AMAuhenticD[   .000]   ntr entaHas
[  0.000] x/f: statofet2]: 76xsate_ze2]  25
[    0.000000] x86/fpu: Supporting XSAVE feature 0x01: 'x87 floating point registers'
[    0.000000] x86pu: Supporting XSAVE feature 0x02: 'SSE registers'
[    0.000000] x86/fpu: Supporting XSAVE feature 0x04: 'AVX reisers'[  0.000] 6/fp: abd xsatfeures0x ctet sie  8 byts,sig 'standrd' format.
[    0.000000] x86/fpu:Usng'lzy' U onex switces
[  0.000] 20: OSroided phyic RM ma:   0.000] OS-e820 [m 000000000000-000000009bf] ab
[  00000BI-e20: me0x0000009fc00-0x000000000ff] reserved
[    0.000000] BIOS-e820: [mem 0x00000000000f0000-0x00000000000fffff] reserved
[    0.000000] BIOS-e820: [mem 0x0000000000100000-0x000000003ffeffff] usable
[    0.000000] BIOS-e820: [mem 0x000000003fff0000-0x000000003fffffff] ACPI data
[    0.000000] BIOS-e820: [mem 0x00000000fffc0000-0x00000000ffffffff] reserved
[    0.000000] NX (Execute Disable) protection: active
[    0.000000] SMBIOS 2.5 present.
[    0.000000] Hypervisor detected: KVM
[    0.000000] e820: last_pfn = 0x3fff0 max_arch_pfn = 0x400000000
[    0.000000] MTRR: Disabled
[    0.000000] x86/PAT: MTRRs disabled, skipping PAT initialization too.
[    0.000000] CPU MTRRs all blank - virtualized system.
[    0.000000] x86/PAT: Configuration [0-7]: WB  WT  UC- UC  WB  WT  UC- UC  
[    0.000000] found SMP MP-table at [mem 0x0009fff0-0x0009ffff] mapped at [ffff88000009fff0]
[    0.000000] Scanning 1 res orlow moy orruti
   0.000000] RAMDISK: [mem 0x36ae6000-0x3756afff]
[   0.00000 ACPI Eary blcheckumvefiation isbled[   0.00] ACI: SD0x0000000E00 0024(v2 BOX  )
[    0.000000] ACPI: XSDT 0x000000003FFF0030 00003C (v01 VBOX   VBOXXSDT 00000001 ASL  00000061)
[    0.000000] ACPI: FACP 0x000000003FFF00F0 0000F4 (v04 VBOX   VBOXFACP 00000001 ASL  00000061)
[    0.000000] ACPI: DSDT 0x000000003FFF0470 001E0B (v01 VBOX   VBOXBIOS 00000002 INTL 20100528)
[    0.000000] ACPI: FACS 0x000000003FFF0200 000040
[    0.000000] ACPI: FACS 0x000000003FFF0200 000040
[    0.000000] ACPI: APIC 0x000000003FFF0240 00005C (v02 VBOX   VBOXAPIC 00000001 ASL  00000061)
[    0.000000] ACPI: SSDT 0x000000003FFF02A0 0001CC (v01 VBOX   VBOXCPUT 00000002 INTL 20100528)
[    0.000000] No NUMA configuration found
[    0.000000] Faking a node at [mem 0x0000000000000000-0x000000003ffeffff]
[    0.000] ODE_DAT0)llcate[m 0x3fe00x3fffff][   0.00] kv-cckUsinmss 564d1 d 564d
  0.0000 k-clok:pu, msr :3ffe3001, primary cpu clock
[    0.000000] kvm-clock: using sched offset of 3143892431 yces
[   0.0000 cloksource: kvm-clock: mask: 0xffffffffffffffff max_cycles: 0x1cd42e4dffb, max_idle_ns: 881590591483 ns
[    0.000000] Zone ranges:
[    0.000000]   DMA      [mem 0x0000000000001000-0x0000000000ffffff]
[    0.000000]   DMA32    [mem 0x0000000001000000-0x000000003ffeffff]
[    0.000000]   Normal   empty
[    0.000000]   Device   empty
[    0.000000] Movable zone start for each node
[    0.000000] Early memory node ranges
[    0.000000]   node   0: [mem 0x0000000000001000-0x000000000009efff]
[    0.000000]   node   0: [mem 0x0000000000100000-0x000000003ffeffff]
[    0.000000] Initmem setup node 0 [mem 0x0000000000001000-0x000000003ffeffff]
[    0.000000] ACPI: PM-Timer IO Port: 0x4008
[    0.000000] IOAPIC[0]: apic_id 2, version 17, address 0xfec00000, GSI 0-23
[    0.000000] ACPI: INT_SRC_OVR (bus 0 bus_irq 0 global_irq 2 dfl dfl)
[    0.000000] ACPI: INT_SRC_OVR (bus 0 bus_irq 9 global_irq 9 high level)
[    0.000000] Using ACPI (MADT) for SMP configuration information
[    0.000000] smpboot: Allowing 2 CPUs, 0 hotplug CPUs
[    0.000000] PM: Registered nosave memory: [mem 0x00000000-0x00000fff]
[    0.000000] PM: Registered nosave memory: [mem 0x0009f000-0x00ff]
[   0.000000] PM: Registered nosave memory: [mem 0x000a0000-0x000effff]
[    0.000000] PM: Registered nosave memory: [mem 0x000f0000-0x000fffff]
[    0.000000] e820: [mem 0x40000000-0xfffbffff] available for PCI devices
[    0.000000] Booting paravirtualized kernel on KVM
[    0.000000] clocksource: refined-jiffies: mask: 0xffffffff max_cycles: 0xffffffff, max_idle_ns: 7645519600211568 ns
[    0.000000] setup_percpu: NR_CPUS:512 nr_cpumask_bits:512 nr_cpu_ids:2 nr_node_ids:1
[    0.000000] PERCPU: Embedded 34 pages/cpu @ffff88003fc00000 s98328 r8192 d32744 u1048576
[    0.000000] PV qspinlock hash table entries: 256 (order: 0, 4096 bytes)
[    0.000000] Built 1 zonelists in Node order, mobility grouping on.  Total pages: 257913
[    0.000000] Policy zone: DMA32
[    0.000000] Kernel command line: BOOT_IMAGE=/boot/vmlinuz-4.4.0-96-generic root=LABEL=cloudimg-rootfs ro console=tty1 console=ttyS0
[    0.000000] PID hash table entries: 4096 (order: 3, 32768 bytes)
[    0.000000] Memory: 1001792K/1048120K available (8479K kernel code, 1294K rwdata, 3984K rodata, 1492K init, 1316K bss, 46328K reserved, 0K cma-reserved)
[    0.000000] SLUB: HWalign=64, Order=0-3, MinObjects=0, CPUs=2, Nodes=1
[    0.000000] Hierarchical RCU implementation.
[    0.000000] 	Build-time adjustment of leaf fanout to 64.
[    0.000000] 	RCU restricting CPUs from NR_CPUS=512 to nr_cpu_ids=2.
[    0.000000] RCU: Adjusting geometry for rcu_fanout_leaf=64, nr_cpu_ids=2
[    0.000000] NR_IRQS:33024 nr_irqs:440 16
[    0.000000] Console: colour VGA+ 80x25
[    0.000000] console [tty1] enabled
[    0.000000] console [ttyS0] enabled
[    0.000000] tsc: Detected 3491.914 MHz processor
[    5.948528] Calibrating delay loop (skipped) preset value.. 6983.82 BogoMIPS (lpj=13967656)
[    5.949743] pid_max: default: 32768 minimum: 301
[    5.950415] ACPI: Core revision 20150930
[    5.951651] ACPI: 2 ACPI AML tables successfully acquired and loaded
[    5.952609] Security Framework initialized
[    5.953208] Yama: becoming mindful.
[    5.953759] AppArmor: AppArmor initialized
[    5.954434] Dentry cache hash table entries: 131072 (order: 8, 1048576 bytes)
[    5.955458] Inode-cache hash table entries: 65536 (order: 7, 524288 bytes)
[    5.958801] Mount-cache hash table entries: 2048 (order: 2, 16384 bytes)
[    5.959648] Mountpoint-cache hash table entries: 2048 (order: 2, 16384 bytes)
[    5.960651] Initializing cgroup subsys io
[    5.961242] Initializing cgroup subsys memory
[    5.961862] Initializing cgroup subsys devices
[    5.962493] Initializing cgroup subsys freezer
[    5.963124] Initializing cgroup subsys net_cls
[    5.963754] Initializing cgroup subsys perf_event
[    5.964447] Initializing cgroup subsys net_prio
[    5.965092] Initializing cgroup subsys hugetlb
[    5.965725] Initializing cgroup subsys pids
[    5.966413] CPU: Physical Processor ID: 0
[    5.967003] CPU: Processor Core ID: 0
[    5.968307] mce: CPU supports 0 MCE banks
[    5.968936] Last level iTLB entries: 4KB 1024, 2MB 1024, 4MB 1024
[    5.969719] Last level dTLB entries: 4KB 1024, 2MB 1024, 4MB 1024, 1GB 4
[    5.972035] Freeing SMP alternatives memory: 32K
[    6.090933] ftrace: allocating 32146 entries in 126 pages
[    6.243760] smpboot: APIC(0) Converting physical 0 to logical package 0
[    6.398760] smpboot: Max logical packages: 1
[    6.485699] ..TIMER: vector=0x30 apic1=0 pin1=2 apic2=-1 pin2=-1
[    6.728504] smpboot: CPU0: Intel(R) Core(TM) i5-4690 CPU @ 3.50GHz (family: 0x6, model: 0x3c, stepping: 0x3)
[    6.842790] Performance Events: unsupported p6 CPU model 60 no PMU driver, software events only.
[    6.849706] KVM setup paravirtual spinlock
[    6.851035] x86: Booting SMP configuration:
[    6.851653] .... node  #0, CPUs:      #1
[    6.857632] kvm-clock: cpu 1, msr 0:3ffe3041, secondary cpu clock
[    6.858976] mce: CPU supports 0 MCE banks
[    6.861336] x86: Booted up 1 node, 2 CPUs
[    6.863179] smpboot: Total of 2 processors activated (13967.65 BogoMIPS)
[    6.864379] devtmpfs: initialized
[    6.878303] evm: security.selinux
[    6.878830] evm: security.SMACK64
[    6.885444] evm: security.SMACK64EXEC
[    6.885996] evm: security.SMACK64TRANSMUTE
[    6.888755] evm: security.SMACK64MMAP
[    6.893426] evm: security.ima
[    6.895413] evm: security.capability
[    6.896133] clocksource: jiffies: mask: 0xffffffff max_cycles: 0xffffffff, max_idle_ns: 7645041785100000 ns
[    6.897471] futex hash table entries: 512 (order: 3, 32768 bytes)
[    6.898367] pinctrl core: initialized pinctrl subsystem
[    6.899174] RTC time: 20:52:51, date: 10/11/17
[    6.902612] NET: Registered protocol family 16
[    6.921072] cpuidle: using governor ladder
[    6.985026] cpuidle: using governor menu
[    7.033327] PCCT header not found.
[    7.091334] ACPI: bus type PCI registered
[    7.149303] acpiphp: ACPI Hot Plug PCI Controller Driver version: 0.5
[    7.246544] PCI: Using configuration type 1 for base access
[    7.333548] ACPI: Added _OSI(Module Device)
[    7.388851] ACPI: Added _OSI(Processor Device)
[    7.449932] ACPI: Added _OSI(3.0 _SCP Extensions)
[    7.478077] ACPI: Added _OSI(Processor Aggregator Device)
[    7.479317] ACPI: Executed 1 blocks of module-level executable AML code
[    7.654416] ACPI: Interpreter enabled
[    7.654977] ACPI: (supports S0 S5)
[    7.655498] ACPI: Using IOAPIC for interrupt routing
[    7.661793] PCI: Using host bridge windows from ACPI; if necessary, use "pci=nocrs" and report a bug
[    7.664668] ACPI: PCI Root Bridge [PCI0] (domain 0000 [bus 00-ff])
[    7.665445] acpi PNP0A03:00: _OSC: OS supports [ASPM ClockPM Segments MSI]
[    7.666336] acpi PNP0A03:00: _OSC failed (AE_NOT_FOUND); disabling ASPM
[    7.667180] acpi PNP0A03:00: fail to add MMCONFIG information, can't access extended PCI configuration space under this bridge.
[    7.668834] PCI host bridge to bus 0000:00
[    7.669418] pci_bus 0000:00: root bus resource [io  0x0000-0x0cf7 window]
[    7.670266] pci_bus 0000:00: root bus resource [io  0x0d00-0xffff window]
[    7.671109] pci_bus 0000:00: root bus resource [mem 0x000a0000-0x000bffff window]
[    7.672175] pci_bus 0000:00: root bus resource [mem 0x40000000-0xffdfffff window]
[    7.673251] pci_bus 0000:00: root bus resource [bus 00-ff]
[    7.675121] pci 0000:00:01.1: legacy IDE quirk: reg 0x10: [io  0x01f0-0x01f7]
[    7.675977] pci 0000:00:01.1: legacy IDE quirk: reg 0x14: [io  0x03f6]
[    7.676823] pci 0000:00:01.1: legacy IDE quirk: reg 0x18: [io  0x0170-0x0177]
[    7.677741] pci 0000:00:01.1: legacy IDE quirk: reg 0x1c: [io  0x0376]
[    7.690875] ACPI: PCI Interrupt Link [LNKA] (IRQs 5 9 10 11) *0, disabled.
[    7.692268] ACPI: PCI Interrupt Link [LNKB] (IRQs 5 9 10 *11)
[    7.693368] ACPI: PCI Interrupt Link [LNKC] (IRQs 5 9 *10 11)
[    7.694435] ACPI: PCI Interrupt Link [LNKD] (IRQs 5 *9 10 11)
[    7.695523] ACPI: Enabled 2 GPEs in block 00 to 07
[    7.696507] vgaarb: setting as boot device: PCI:0000:00:02.0
[    7.697280] vgaarb: device added: PCI:0000:00:02.0,decodes=io+mem,owns=io+mem,locks=none
[    7.698393] vgaarb: loaded
[    7.708673] vgaarb: bridge control possible 0000:00:02.0
[    7.799102] SCSI subsystem initialized
[    7.846092] ACPI: bus type USB registered
[    7.908922] usbcore: registered new interface driver usbfs
[    7.940615] usbcore: registered new interface driver hub
[    7.956970] usbcore: registered new device driver usb
[    7.962285] PCI: Using ACPI for IRQ routing
[    7.963082] NetLabel: Initializing
[    7.982429] NetLabel:  domain hash size = 128
[    7.983074] NetLabel:  protocols = UNLABELED CIPSOv4
[    7.983782] NetLabel:  unlabeled traffic allowed by default
[    7.984678] amd_nb: Cannot enumerate AMD northbridges
[    7.985400] clocksource: Switched to clocksource kvm-clock
[   7.950]ppmo AArr lest Ebl
  8.97] p: PnP ACPI init
[    8.661341] pnp: PnP ACPI: found 3 devices

[    8.670926] clocksource: acpi_pm: mask: xfffffmacyes 0xfff, x_dl_n 285701024 ns
[   .0941]ET Risre ptol mi 2
[   9.82] P taisd shabe enri: 92orr:, 53 bte)[ 10942]CPinha tlentes81 (de 513072 yt)  0.82] P:astale cfiured (etalihe81 bd 92
[ 115717 U hshable eries51 (de 2164 te
  2.7759] UDP-Lite hash table entries: 512 (order: 2, 16384 bytes)

[   12.247870] NET: Registered protocol family 1
[   12.248505] pci 0000:00:00.0: Limiting direct PCI/PCI transfers
[   12.249290] pci 0000:00:01.0: Activating ISA DMA hang workarounds
[  1.2189] paininras.
[   3.818]rein itrmery102K[ 143831 RL MUette A ut s ^-2 ous, fedouer107424msvftir  5.38] w ni o dma p-ce 2^ Joules
[   15.798025] hw unit of domain package 2^-0 Joules
[   15.798700] hw unit of domain dram 2^-0 Joules
[   15.799313] hw unit of domain pp1-gpu 2^-0 Joules
[   15.802053] platform rtc_cmos: registered platform RTC device (no PNP device found)
[   15.803178] Scanning for low memory corruption every 60 seconds
[   15.804380] audit: initializing netlink subsys (disabled)
[   15.805106] audit: type=2000 audit(1507755177.170:1): initialized
[   15.806142] Initialise system trusted keyring
[   15.806925] HugeTLB registered 2 MB page size, pre-allocated 0 pages
[   15.808729] zbud: loaded
[   15.809402] VFS: Disk quotas dquot_6.6.0
[   15.810027] VFS: Dquot-cache hash table entries: 512 (order 0, 4096 bytes)
[   15.811049] squashfs: version 4.0 (2009/01/31) Phillip Lougher
[   15.812119] fuse init (API version 7.23)
[   15.812873] Key type big_key registered
[   15.813447] Allocating IMA MOK and blacklist keyrings.
[   15.816143] Key type asymmetric registered
[   15.816747] Asymmetric key parser 'x509' registered
[   15.817440] Block layer SCSI generic (bsg) driver version 0.4 loaded (major 249)
[   15.818600] io scheduler noop registered
[   15.819195] io scheduler deadline registered (default)
[   15.819912] io scheduler cfq registered
[   15.820544] pci_hotplug: PCI Hot Plug PCI Core version: 0.5
[   15.821301] pciehp: PCI Express Hot Plug Controller Driver version: 0.4
[   15.822299] ACPI: AC Adapter [AC] (on-line)
[   15.822927] input: Power Button as /devices/LNXSYSTM:00/LNXPWRBN:00/input/input0
[   15.823981] ACPI: Power Button [PWRF]
[   15.826107] input: Sleep Button as /devices/LNXSYSTM:00/LNXSLPBN:00/input/input1
[   15.827170] ACPI: Sleep Button [SLPF]
[   15.827892] GHES: HEST is not enabled!
[   15.828629] Serial: 8250/16550 driver, 32 ports, IRQ sharing enabled
[   15.850876] 00:02: ttyS0 at I/O 0x3f8 (irq = 4, base_baud = 115200) is a 16550A
[   15.977898] Linux agpgart interface v0.103
[   16.039660] loop: module loaded
[   16.092410] scsi host0: ata_piix
[   161474 si st aa_ix[ 16483]at1:PA mx UDA/ c 01f0 tlx3 bmaxd00 q 
   1.143 a2:ATmaUD/3cm0x0 l 37bmma0x00 irq 15

[   17.766700] tsc: Refined TSC clocksource calibration: 3491.092 MHz
[   17.767546] clocksource: tsc: mask: 0xffffffffffffffff max_cycles: 0x3252719a0a0, max_idle_ns: 440795280117 ns
[   17.768989] libphy: Fixed MDIO Bus: probed
[   17.769591] tun: Universal TUN/TAP device driver, 1.6
[   17.770294] tun: (C) 1999-2004 Max Krasnyansky <maxk@qualcomm.com>
[   17.771216] PPP generic driver version 2.4.2
[   17.775013] ehci_hcd: USB 2.0 'Enhanced' Host Controller (EHCI) Driver
[   17.775825] ehci-pci: EHCI PCI platform driver
[   17.849215] ehci-platform: EHCI generic platform driver
[   179375 oi_d:SB.1Op' stonolr HC Drive
[  15477 oci-pc: CI PCI platform driver
[   18.746764] ohci-platform: OHCI generic platform driver
[   18.747484] uhci_hcd: USB Universal Host Controller Interface driver
[   18.748349] i8042: PNP: PS/2 Controller [PNP0303:PS2K,PNP0f03:PS2M] at 0x60,0x64 irq 1,12
[   18.749866] serio: i8042 KBD port at 0x60,0x64 irq 1
[   18.750569] serio: i8042 AUX port at 0x60,0x64 irq 12

[   18.751497] mousedev: PS/2 mouse device common for all mice
[   18.759678] rtc_cmos rtc_cmos: rtc core: registered rtc_cmos as rtc0
[   18.762421] rtc_cmos rtc_cmos: alarms up to one day, 114 bytes nvram
[   18.767499] input: AT Translated Set 2 keyboard as /devices/platform/i8042/serio0/input/input2
[   18.778725] i2c /dev entries driver
[   18.779308] device-mapper: uevent: version 1.0.3
[   18.780009] device-mapper: ioctl: 4.34.0-ioctl (2015-10-28) initialised: dm-devel@redhat.com
[   18.789170] ledtrig-cpu: registered to indicate activity on CPUs
[   18.794271] NET: Registered protocol family 10
[   18.795070] NET: Registered protocol family 17
[   18.795708] Key type dns_resolver registered
[   18.796459] microcode: CPU0 sig=0x306c3, pf=0x40, revision=0x0
[   18.866885] microcode: CPU1 sig=0x306c3, pf=0x40, revision=0x0
[   18.925915] microcode: Microcode Update Driver: v2.01 <tigran@aivazian.fsnet.co.uk>, Peter Oruba
[   19.059742] registered taskstats version 1
[   19.101343] Loading compiled-in X.509 certificates
[   19.149365] Loaded X.509 cert 'Build time autogenerated kernel key: b1a6ea8776bed2812c00d8a799f968274ef48628'
[   19.320188] zswap: loaded using pool lzo/zbud
[   19.383139] Key type trusted registered
[   19.442399] Key type encrypted registered
[   19.501898] AppArmor: AppArmor sha1 policy hashing enabled
[   19.586437] ima: No TPM chip found, activating TPM-bypass!
[   19.650112] evm: HMAC attrs: 0x1
[   19.650853]   Magic number: 5:313:902
[   19.651444] acpi PNP0501:02: hash matches
[   19.652093] rtc_cmos rtc_cmos: setting system clock to 2017-10-11 20:53:03 UTC (1507755183)
[   19.653345] BIOS EDD facility v0.16 2004-Jun-25, 0 devices found
[   19.654175] EDD information not available.
[   19.655723] Freeing unused kernel memory: 1492K
[   19.656371] Write protecting the kernel read-only data: 14336k
[   19.657487] Freeing unused kernel memory: 1748K
[   19.658378] Freeing unused kernel memory: 112K
Loading, please wait...
starting version[   19.666888] random: systemd-udevd: uninitialized urandom read (16 bytes read, 2 bits of entropy available)
 229
[   19.667292] random: udevadm: uninitialized urandom read (16 bytes read, 2 bits of entropy available)
[   19.667315] random: udevadm: uninitialized urandom read (16 bytes read, 2 bits of entropy available)
[   19.667387] random: udevadm: uninitialized urandom read (16 bytes read, 2 bits of entropy available)
[   19.667412] random: udevadm: uninitialized urandom read (16 bytes read, 2 bits of entropy available)
[   19.667438] random: udevadm: uninitialized urandom read (16 bytes read, 2 bits of entropy available)
[   19.667465] random: udevadm: uninitialized urandom read (16 bytes read, 2 bits of entropy available)
[   19.667488] random: udevadm: uninitialized urandom read (16 bytes read, 2 bits of entropy available)
[   19.667511] random: udevadm: uninitialized urandom read (16 bytes read, 2 bits of entropy available)
[   19.667534] random: udevadm: uninitialized urandom read (16 bytes read, 2 bits of entropy available)
[   19.885845] e1000: Intel(R) PRO/1000 Network Driver - version 7.3.21-k8-NAPI
[   19.887991] e1000: Copyright (c) 1999-2006 Intel Corporation.
[   19.927144] Fusion MPT base driver 3.04.20
[   19.933737] Copyright (c) 1999-2008 LSI Corporation
[   19.940197] Fusion MPT SPI Host driver 3.04.20
[   19.948005] AVX version of gcm_enc/dec engaged.
[   19.948700] AES CTR mode by8 optimization enabled
[   20.147721] input: ImExPS/2 Generic Explorer Mouse as /devices/platform/i8042/serio1/input/input4
[   20.255879] e1000 0000:00:03.0 eth0: (PCI:33MHz:32-bit) 02:d3:33:50:ae:ce
[   21.547843] e1000 0000:00:03.0 eth0: Intel(R) PRO/1000 Network Connection
[   21.668762] mptbase: ioc0: Initiating bringup
[   21.669184] e1000 0000:00:03.0 enp0s3: renamed from eth0
[   21.786562] ioc0: LSI53C1030 A0: Capabilities={Initiator}
[   21.995292] scsi host2: ioc0: LSI53C1030 A0, FwRev=00000000h, Ports=1, MaxQ=256, IRQ=20
[   22.158698] scsi 2:0:0:0: Direct-Access     VBOX     HARDDISK         1.0  PQ: 0 ANSI: 5
[   22.239059] scsi target2:0:0: Beginning Domain Validation
[   22.303584] scsi target2:0:0: Domain Validation skipping write tests
[   22.304378] scsi target2:0:0: Ending Domain Validation
[   22.305095] scsi target2:0:0: asynchronous
[   22.306047] scsi 2:0:1:0: Direct-Access     VBOX     HARDDISK         1.0  PQ: 0 ANSI: 5
[   22.307164] scsi target2:0:1: Beginning Domain Validation
[   22.308710] scsi target2:0:1: Domain Validation skipping write tests
[   22.309520] scsi target2:0:1: Ending Domain Validation
[   22.310242] scsi target2:0:1: asynchronous
[   22.315084] sd 2:0:0:0: Attached scsi generic sg0 type 0
[   22.315853] sd 2:0:0:0: [sda] 20971520 512-byte logical blocks: (10.7 GB/10.0 GiB)
[   22.324957] sd 2:0:1:0: Attached scsi generic sg1 type 0
[   22.325177] sd 2:0:1:0: [sdb] 20480 512-byte logical blocks: (10.5 MB/10.0 MiB)
[   22.325236] sd 2:0:0:0: [sda] Write Protect is off
[   22.325328] sd 2:0:1:0: [sdb] Write Protect is off
[   22.325335] sd 2:0:0:0: [sda] Incomplete mode parameter data
[   22.325336] sd 2:0:0:0: [sda] Assuming drive cache: write through
[   22.325468] sd 2:0:1:0: [sdb] Incomplete mode parameter data
[   22.325469] sd 2:0:1:0: [sdb] Assuming drive cache: write through
[   22.327258]  sda: sda1
[   22.328168] sd 2:0:0:0: [sda] Attached SCSI disk
[   22.328249] sd 2:0:1:0: [sdb] Attached SCSI disk
[   22.942241] floppy0: no floppy controllers found
Begin: Loading e[   24.306504] md: linear personality registered for level -1
ssential drivers ... [   24.325585] md: multipath personality registered for level -4
[   24.328454] md: raid0 personality registered for level 0
[   24.341903] md: raid1 personality registered for level 1
[   24.501707] raid6: sse2x1   gen() 11587 MB/s
[   24.625736] raid6: sse2x1   xor()  8954 MB/s
[   24.765755] raid6: sse2x2   gen() 14855 MB/s
[   24.890272] raid6: sse2x2   xor()  9839 MB/s
[   25.033769] raid6: sse2x4   gen() 17041 MB/s
[   25.170295] raid6: sse2x4   xor() 11866 MB/s
[   25.243609] raid6: using algorithm sse2x4 gen() 17041 MB/s
[   25.338157] raid6: .... xor() 11866 MB/s, rmw enabled
[   25.347934] raid6: using ssse3x2 recovery algorithm
[   25.350106] xor: automatically using best checksumming function:
[   25.397839]    avx       : 22429.000 MB/sec
[   25.419050] async_tx: api initialized (async)
[   25.427588] md: raid6 personality registered for level 6
[   25.508176] md: raid5 personality registered for level 5
[   25.579183] md: raid4 personality registered for level 4
[   25.678970] md: raid10 personality registered for level 10
done.
Begin: Running /scripts/init-p[   25.737720] Btrfs loaded
remount ... done.
Begin: Mounting root file system ... Begin: Running /scripts/local-top ... done.
Begin: Running /scripts/local-premount ... Scanning for Btrfs filesystems
done.
Warning: fsck not present, so skipping root file system
[   25.794778] EXT4-fs (sda1): mounted filesystem with ordered data mode. Opts: (null)
done.
Begin: Running /scripts/local-bottom ... done.
Begin: Running /scripts/init-bottom ... done.
[   25.858945] systemd[1]: systemd 229 running in system mode. (+PAM +AUDIT +SELINUX +IMA +APPARMOR +SMACK +SYSVINIT +UTMP +LIBCRYPTSETUP +GCRYPT +GNUTLS +ACL +XZ -LZ4 +SECCOMP +BLKID +ELFUTILS +KMOD -IDN)
[   25.862605] systemd[1]: Detected virtualization oracle.
[   25.863321] systemd[1]: Detected architecture x86-64.

Welcome to [1mUbuntu 16.04.3 LTS[0m!

[   25.878268] systemd[1]: Set hostname to <ubuntu>.
[   25.927945] systemd[1]: Initializing machine ID from random generator.
[   25.928803] systemd[1]: Installed transient /etc/machine-id file.
[   26.004069] systemd[1]: Reached target User and Group Name Lookups.
[[0;32m  OK  [0m] Reached target User and Group Name Lookups.
[   26.007085] systemd[1]: Started Forward Password Requests to Wall Directory Watch.
[[0;32m  OK  [0m] Started Forward Password Requests to Wall Directory Watch.
[   26.009098] systemd[1]: Listening on Journal Audit Socket.
[[0;32m  OK  [0m] Listening on Journal Audit Socket.
[   26.010633] systemd[1]: Set up automount Arbitrary Executable File Formats File System Automount Point.
[[0;32m  OK  [0m] Set up automount Arbitrary Executab...ats File System Automount Point.
[   26.012938] systemd[1]: Reached target Swap.
[[0;32m  OK  [0m] Reached target Swap.
[   26.014260] systemd[1]: Started Trigger resolvconf update for networkd DNS.
[[0;32m  OK  [0m] Started Trigger resolvconf update for networkd DNS.
[   26.016074] systemd[1]: Listening on Journal Socket.
[[0;32m  OK  [0m] Listening on Journal Socket.
[   26.017565] systemd[1]: Listening on LVM2 poll daemon socket.
[[0;32m  OK  [0m] Listening on LVM2 poll daemon socket.
[   26.085960] systemd[1]: Listening on Syslog Socket.
[[0;32m  OK  [0m] Listening on Syslog Socket.
[   26.142017] systemd[1]: Listening on LVM2 metadata daemon socket.
[[0;32m  OK  [0m] Listening on LVM2 metadata daemon socket.
[   26.245883] systemd[1]: Reached target Encrypted Volumes.
[[0;32m  OK  [0m] Reached target Encrypted Volumes.
[   26.346795] systemd[1]: Created slice User and Session Slice.
[[0;32m  OK  [0m] Created slice User and Session Slice.
[   26.418804] systemd[1]: Created slice System Slice.
[[0;32m  OK  [0m] Created slice System Slice.
[   26.469632] systemd[1]: Starting Uncomplicated firewall...
         Starting Uncomplicated firewall...
[   .570 ste[1: Stti Remun Rt and Kernel File Systems...
         [   26.983930] EXT4-fs (sda1): re-mounted. Opts: (null)
Starting Remount Root and Kernel File Systems...
[   27.141874] systemd[1]: Starting Nameserver information manager...
         Starting Nameserver information manager...
[   27.197252] systemd[1]: Mounting Debug File System...
         Mounting Debug File System...
[   27.199007] systemd[1]: Mounting POSIX Message Queue File System...
         Mounting POSIX Message Queue File System...
[   27.200770] systemd[1]: Created slice system-serial\x2dgetty.slice.
[[0;32m  OK  [0m] Created slice system-serial\x2dgetty.slice.
[   27.202920] systemd[1]: Mounting Huge Pages File System...
         Mounting Huge Pages File System...
[   27.205919] systemd[1]: Reached target Slices.
[[0;32m  OK  [0m] Reached target Slices.
[   27.288944] systemd[1]: Listening on /dev/initctl Compatibility Named Pipe.
[[0;32m  OK  [0m] Listening on /dev/initctl Compatibility Named Pipe.
[  27.290920] systemd[1]: Listening on udev Control Socket.
[[0;32m  OK  [0m] Listening on udev Control Socket.
[   27.312555] systemd[1]: Listening on Journal Socket (/dev/log).
[[0;32m  OK  [0m] Listening on Journal Socket (/dev/log).

[   27.325736] systemd[1]: Starting Journal Service...
         Starting Journal Service...
[   27.328545] systemd[1]: Listening on Device-mapper event daemon FIFOs.
[[0;32m  OK  [0m] Listening on Device-mapper event daemon FIFOs.
[   27.331158] systemd[1]: Starting Monitoring of LVM2 mirrors, snapshots etc. using dmeventd or progress polling...
         Starting Monitoring of LVM2 mirrors... dmeventd or progress polling...
[   27.335243] systemd[1]: Starting Set console keymap...
         Starting Set console keymap...
[   27.377703] systemd[1]: Starting Create list of required static device nodes for the current kernel...
         Starting Create list of required st... nodes for the current kernel...
[   27.601761] systemd[1]: Starting Load Kernel Modules...
         Starting Load Kernel Modules...
[   27.627078] systemd[1]: Listening on udev Kernel Socket.
[[0;32m  OK  [0m] Listening on [   27.631662] Loading iSCSI transport class v2.0-870.
udev Kernel Sock[   27.719177] iscsi: registered transport (tcp)
et.
[   27.743828] iscsi: registered transport (iser)
[   27.750237] systemd[1]: Mounted POSIX Message Queue File System.
[[0;32m  OK  [0m] Mounted POSIX Message Queue File System.
[   27.764969] systemd[1]: Mounted Huge Pages File System.
[[0;32m  OK  [0m] Mounted Huge Pages File System.
[   27.788723] systemd[1]: Mounted Debug File System.
[[0;32m  OK  [0m] Mounted Debug File System.
[   27.790407] systemd[1]: Started Journal Service.
[[0;32m  OK  [0m] Started Journal Service.
[[0;32m  OK  [0m] Started Uncomplicated firewall.
[[0;32m  OK  [0m] Started Remount Root and Kernel File Systems.
[[0;32m  OK  [0m] Started Set console keymap.
[[0;32m  OK  [0m] Started Create list of required sta...ce nodes for the current kernel.
[[0;32m  OK  [0m] Started Load Kernel Modules.
[[0;32m  OK  [[   27.887581] random: nonblocking pool is initialized
0m] Started Nameserver information manager.
[[0;32m  OK  [0m] Started LVM2 metadata daemon.
         Mounting FUSE Control File System...
         Starting Apply Kernel Variables...
         Starting Create Static Device Nodes in /dev...
         Starting udev Coldplug all Devices...
         Starting Initial cloud-init job (pre-networking)...
         Starting Load/Save Random Seed...
         Starting Flush Journal to Persistent Storage...
[[0;32m  OK  [0m] Mounted FUSE Control File System.
[[0;32m  OK  [0m] Started Monitoring of LVM2 mirrors,...ng dmeventd or progress polling.
[[0;32m  OK  [0m] Started Apply Kernel Variables.
[[0;32m  OK  [0m] Started Create Static Device Nodes in /dev.
[[0;32m  OK  [0m] Started Load/Save Random Seed.
[[0;32m  OK  [0m] Started udev Coldplug all Devices.
[[0;32m  OK  [0m] Started Flush Journal to Persistent Storage.
         Starting udev Kernel Device Manager...
[[0;32m  OK  [0m] Started udev Kernel Device Manager.
[[0;32m  OK  [0m] Reached target Local File Systems (Pre).
[[0;32m  OK  [0m] Reached target Local File Systems.
         Starting Create Volatile Files and Directories...
         Starting Tell Plymouth To Write Out Runtime Data...
         Starting LSB: AppArmor initialization...
         Starting Set console font and keymap...
         Starting Commit a transient machine-id on disk...
[[0;32m  OK  [0m] Started Dispatch Password Requests to Console Directory Watch.
[[0;32m  OK  [0m] Started Create Volatile Files and Directories.
[[0;32m  OK  [0m] Started Tell Plymouth To Write Out Runtime Data.
[[0;32m  OK  [0m] Started Commit a transient machine-id on disk.
[[0;32m  OK  [0m] Found device /dev/ttyS0.
[[0;32m  OK  [0m] Reached target System Time Synchronized.
         Starting Update UTMP about System Boot/Shutdown...
[[0;32m  OK  [0m] Started Update UTMP about System Boot/Shutdown.
[[0;32m  OK  [0m] Started Set console font and keymap.
[[0;32m  OK  [0m] Created slice system-getty.slice.
[[0;32m  OK  [0m] Listening on Load/Save RF Kill Switch Status /dev/rfkill Watch.
[   21.722384] cloud-init[452]: Cloud-init v. 0.7.9 running 'init-local' at Wed, 11 Oct 2017 20:53:12 +0000. Up 21.30 seconds.
[[0;32m  OK  [0m] Started Initial cloud-init job (pre-networking).
[[0;32m  OK  [0m] Started LSB: AppArmor initialization.
[[0;32m  OK  [0m] Reached target Network (Pre).
         Starting Raise network interfaces...
[[0;32m  OK  [0m] Started Raise network interfaces.
         Starting Initial cloud-init job (metadata service crawler)...
[[0;32m  OK  [0m] Reached target Network.
[   24.927137] cloud-init[927]: Cloud-init v. 0.7.9 running 'init' at Wed, 11 Oct 2017 20:53:16 +0000. Up 24.47 seconds.
[   25.033272] [cloud-init[0;32m  OK  [0m[927]: ] ci-info: +++++++++++++++++++++++++++++++++++++Net device info++++++++++++++++++++++++++++++++++++++Started Initial cloud-init job (metadata service crawler).

[   25.034792] cloud-init[927]: ci-info: +--------+------+----------------------------+---------------+-------+-------------------+
[   25.301078] [cloud-init[0;32m  OK  [0m[927]: ] ci-info: | Device |  Up  |          Address           |      Mask     | Scope |     Hw-Address    |Reached target Cloud-config availability.

[   25.484797] [cloud-init[0;32m  OK  [0m[927]: ] ci-info: +--------+------+----------------------------+---------------+-------+-------------------+Reached target Network is Online.

[   25.485562] cloud-init[927]: ci-info: | enp0s3 | True |         10.0.2.15          | 255.255.255.0 |   .   | 02:d3:33:50:ae:ce |
[   25.733147]          cloud-initStarting iSCSI initiator daemon (iscsid)...[927]: 
ci-info: | enp0s3 | True | fe80::d3:33ff:fe50:aece/64 |       .       |  link | 02:d3:33:50:ae:ce |
[   25.869117] [cloud-init[0;32m  OK  [0m[927]: ] ci-info: |   lo   | True |         127.0.0.1          |   255.0.0.0   |   .   |         .         |Reached target System Initialization.

[   25.870594] [cloud-init[0;32m  OK  [0m[927]: ] ci-info: |   lo   | True |          ::1/128           |       .       |  host |         .         |Started Timer to automatically refresh installed snaps.

[   25.980410] [cloud-init[0;32m  OK  [0m[927]: ] ci-info: +--------+------+----------------------------+---------------+-------+-------------------+Started Timer to automatically fetch and run repair assertions.

[   26.106727]          cloud-initStarting Socket activation for snappy daemon.[927]: 
ci-info: +++++++++++++++++++++++++++Route IPv4 info++++++++++++++++++++++++++++
[   26.388698] [cloud-init[0;32m  OK  [0m[927]: ] ci-info: +-------+-------------+----------+---------------+-----------+-------+Listening on UUID daemon activation socket.

[   26.390201] cloud-init[927]: ci-info: | Route | Destination | Gateway  |    Genmask    | Interface | Flags |
[[0;32m  OK  [0m] Started Daily apt download activities.
[[   26.502192] [0;32m  OK  [0mcloud-init] [927]: Started Daily apt upgrade and clean activities.ci-info: +-------+-------------+----------+---------------+-----------+-------+

[   26.611277] [[0;32m  OK  [0m] Listening on D-Bus System Message Bus Socket.
cloud-init[927]: ci-info: |   0   |   0.0.0.0   | 10.0.2.2 |    0.0.0.0    |   enp0s3  |   UG  |
[   26.689668] [cloud-init[0;32m  OK  [0m[927]: ] ci-info: |   1   |   10.0.2.0  | 0.0.0.0  | 255.255.255.0 |   enp0s3  |   U   |Started Daily Cleanup of Temporary Directories.

[   26.690253] [cloud-init[0;32m  OK  [0m[927]: ] ci-info: +-------+-------------+----------+---------------+-----------+-------+Reached target Timers.

[   26.744138]          cloud-initStarting LXD - unix socket.[927]: 
Generating public/private rsa key pair.
[   26.771167] [cloud-init[0;32m  OK  [0m[927]: ] Your identification has been saved in /etc/ssh/ssh_host_rsa_key.Listening on ACPID Listen Socket.

[   26.771366] cloud-init[927]: Your public key has been saved in /etc/ssh/ssh_host_rsa_key.pub.
[   26.784576] [cloud-init[0;32m  OK  [0m[927]: ] The key fingerprint is:Started ACPI Events Check.

[[   26.784769] [0;32m  OK  [0mcloud-init] [927]: Reached target Paths.SHA256:bWlK7MAICBbtfR8+Hu3IQtK+vHhG06Yec8Qp2a27b38 root@ubuntu-xenial

[   26.818108] cloud-init[927]: The key's randomart image is:
[   26.818955] cloud-init[927]: +---[RSA 2048]----+
[   26.819634] cloud-init[927]: |.oo              |
[   26.825798] cloud-init[927]: |o. .             |
[[   26.833278] cloud-init[927]: |. o .            |
[   26.833766] cloud-init[927]: |   o + o+oo.     |
[   26.833867] cloud-init[927]: |    . =oS=B.     |
[   26.833989] cloud-init[927]: |     . Oo@..     |
[   26.834125] cloud-init[927]: |      =oOo=      |
[   26.834262] cloud-init[927]: |      o*++.o   E |
[   26.834376] cloud-init[927]: |     .+=+o+....  |
[0;32m  OK  [0m] Listening on Socket activation for snappy daemon.
[   26.834477] cloud-init[927]: +----[SHA256]-----+
[   26.952331] [cloud-init[0;32m  OK  [0m[927]: ] Generating public/private dsa key pair.Listening on LXD - unix socket.

[[   26.952546] [0;32m  OK  [0mcloud-init] [927]: Started iSCSI initiator daemon (iscsid).Your identification has been saved in /etc/ssh/ssh_host_dsa_key.

[   27.168338]          cloud-initStarting Login to default iSCSI targets...[927]: 
Your public key has been saved in /etc/ssh/ssh_host_dsa_key.pub.
[   27.173832] [cloud-init[0;32m  OK  [0m[927]: ] The key fingerprint is:Reached target Sockets.

[[   27.174032] [0;32m  OK  [0mcloud-init] [927]: Reached target Basic System.SHA256:UODzG7QuR04/nv+6MIphKMJBhWoFb6/r2fg7N/mMpjQ root@ubuntu-xenial

[   27.234644]          Starting Accounts Service...
cloud-init[927]: The key's randomart image is:
[   27.238998]          cloud-initStarting LSB: Record successful boot for GRUB...[927]: 
+---[DSA 1024]----+
[   27.254456]          cloud-initStarting Pollinate to seed the pseudo random number generator...[927]: 
| .o.  ...        |
[   27.300272]          cloud-initStarting LSB: MD monitoring daemon...[927]: 
| .o. . .         |
[   27.316305] cloud-init[927]: |...o  + .        |
[   27.322388]          cloud-initStarting /etc/rc.local Compatibility...[927]: 
|o.. .  = .       |
[   27.352343]          cloud-initStarting Login Service...[927]: 
|..   .  S        |
[   27.420355] [cloud-init[0;32m  OK  [0m[927]: ] |. . .. = +       |Started Unattended Upgrades Shutdown.

[   27.420571] cloud-init[927]: |.....E+ * =      |
[   27.430123] cloud-init[927]: | . .*o.Xoo =     |
[   27.452371] [cloud-init[0;32m  OK  [0m[927]: ] |  .=.=B.+oo.++.  |Started Deferred execution scheduler.

[   27.452586] cloud-init[927]: +----[SHA256]-----+
[   27.511068] cloud-init[927]: Generating public/private ecdsa key pair.
[   27.512972] cloud-init[927]: Your identification has been saved in /etc/ssh/ssh_host_ecdsa_key.
[   27.515342] cloud-init[927]: Your public key has been saved in /etc/ssh/ssh_host_ecdsa_key.pub.
[   27.519131] cloud-init[927]: The key fingerprint is:
[   27.519813] cloud-init[927]: SHA256:zc7HIYwUDWe64cxXfaepiwmiZe+D8xAdovWZsvR4ItA root@ubuntu-xenial
[   27.521961] cloud-init[927]: The key's randomart image is:
[   27.522188] cloud-init[927]: +---[ECDSA 256]---+
         Starting LXD - container startup/shutdown...
[   27.522281] cloud-init[927]: |        ooo      |
[   27.548042] cloud-init[927]: |         =.  .   |
[[0;32m  OK  [0m[   27.560582] ] Started FUSE filesystem for LXC.
cloud-init[927]: |      o =   . . o|
[   27.592376] cloud-init[927]: |   . o O @ .   +.|
[[0;32m  OK  [0m] Started ACPI event daemon.
[   27.641927] cloud-init[927]: |  . E + S * . o  |
         Starting System Logging Service...
[   27.708746] cloud-init[927]: |   . . * + o o   |
[[0;32m  OK  [0m] Started D-Bus System Message Bus.
[   27.781536] cloud-init[927]: |    . O.+ o +    |
[   27.804423] [cloud-init[0;32m  OK  [0m[927]: ] |     =o*.. + .   |Started Regular background program processing daemon.

[   27.804562] cloud-init[927]: |    .  ++.o .    |
[   27.821051]          cloud-initStarting Apply the settings specified in cloud-config...[927]: 
+----[SHA256]-----+
[   27.827009] cloud-init[927]: Generating public/private ed25519 key pair.
[   27.840497] cloud-init[927]: Your identification has been saved in /etc/ssh/ssh_host_ed25519_key.
[   27.866146]          cloud-initStarting Snappy daemon...[927]: 
Your public key has been saved in /etc/ssh/ssh_host_ed25519_key.pub.
[   27.884017] cloud-init[927]: The key fingerprint is:
[   27.896409] cloud-init[927]: SHA256:pGy/f3DmvI9yR1tMq0P/BBfm/Xt8k3Y+ZsXPS7/B/fg root@ubuntu-xenial
[   27.912779] [cloud-init[0;32m  OK  [0m[927]: ] The key's randomart image is:Started System Logging Service.

[   27.912992] [cloud-init[0;32m  OK  [0m[927]: ] +--[ED25519 256]--+Started Snappy daemon.

[   27.930081] cloud-init[927]: |                 |
[   27.932414] cloud-init[927]: |                 |
[   27.933196] [cloud-init[0;32m  OK  [0m[927]: ] |        .      o |Started /etc/rc.local Compatibility.

[   27.933393] cloud-init[927]: |     . o      o +|
[   27.942521] cloud-init[927]: |      + S     .=+|
[[0;32m  OK  [0m] Started LXD - container startup/shutdown.
[   27.952666] cloud-init[927]: |     . .  . o.o+B|
[   27.976648] cloud-init[927]: |        .  *..oOB|
[   27.980790] cloud-init[927]: |         .. =++@%|
[   28.009744] cloud-init[927]: |        ...+o+B*E|
[   28.015156] [cloud-init[0;32m  OK  [0m[927]: ] +----[SHA256]-----+Started Login to default iSCSI targets.

[[0;32m  OK  [0m] Started LSB: Record successful boot for GRUB.
[[0;32m  OK  [0m] Started LSB: MD monitoring daemon.
[[0;32m  OK  [0m] Started Login Service.
         Starting Authenticate and Authorize Users to Run Privileged Tasks...
[[0;32m  OK  [0m] Reached target Remote File Systems (Pre).
[[0;32m  OK  [0m] Reached target Remote File Systems.
         Starting LSB: VirtualBox Linux Additions...
         Starting Permit User Sessions...
         Starting LSB: daemon to balance interrupts for SMP systems...
         Starting LSB: automatic crash report generation...
         Starting LSB: Set the CPU Frequency Scaling governor to "ondemand"...
[   28.166101] cloud-init[1114]: Generating locales (this might take a while)...
         Starting Auto import assertions from block devices...
[[0;32m  OK  [0m] Started Permit User Sessions.
[[0;32m  OK  [0m] Started Authenticate and Authorize Users to Run Privileged Tasks.
[[0;32m  OK  [0m] Started Auto import assertions from block devices.
[[0;32m  OK  [0m] Started Accounts Service.
         Starting Terminate Plymouth Boot Screen...
         Starting Hold until boot process finishes up...
[[0;32m  OK  [0m] Started LSB: daemon to balance interrupts for SMP systems.
[[0;32m  OK  [0m] Started LSB: automatic crash report generation.
[[0;32m  OK  [0m] Started LSB: Set the CPU Frequency Scaling governor to "ondemand".
[[0;32m  OK  [0m] Started Terminate Plymouth Boot Screen.
[[0;32m  OK  [0m] Started Hold until boot process finishes up.
[[0;32m  OK  [0m] Started Serial Getty on ttyS0.
         Starting Set console scheme...
[[0;32m  OK  [0m] Started Getty on tty1.
[[0;32m  OK  [0m] Reached target Login Prompts.
[[0;32m  OK  [0m] Started LSB: VirtualBox Linux Additions.
[[0;32m  OK  [0m] Started Set console scheme.
[   28.776785] cloud-init[1114]:   en_US.UTF-8... done
[   28.783440] cloud-init[1114]: Generation complete.
[[0;32m  OK  [0m] Stopped OpenBSD Secure Shell server.
         Starting OpenBSD Secure Shell server...
[[0;32m  OK  [0m] Started OpenBSD Secure Shell server.
[   29.061238] cloud-init[1114]: Cloud-init v. 0.7.9 running 'modules:config' at Wed, 11 Oct 2017 20:53:19 +0000. Up 28.05 seconds.
[[0;32m  OK  [0m] Created slice User Slice of ubuntu.
[[0;32m  OK  [0m] Started Apply the settings specified in cloud-config.
[[0;32m  OK  [0m] Started Session 1 of user ubuntu.
         Starting User Manager for UID 1000...
[[0;32m  OK  [0m] Started User Manager for UID 1000.
[[0;32m  OK  [0m] Started Pollinate to seed the pseudo random number generator.
[[0;32m  OK  [0m] Reached target Multi-User System.
[[0;32m  OK  [0m] Reached target Graphical Interface.
         Starting Update UTMP about System Runlevel Changes...
         Starting Execute cloud user/final scripts...
[[0;32m  OK  [0m] Started Update UTMP about System Runlevel Changes.
ci-info: no authorized ssh keys fingerprints found for user ubuntu.
<14>Oct 11 20:53:21 ec2: 
<14>Oct 11 20:53:21 ec2: #############################################################
<14>Oct 11 20:53:21 ec2: -----BEGIN SSH HOST KEY FINGERPRINTS-----
<14>Oct 11 20:53:21 ec2: 1024 SHA256:UODzG7QuR04/nv+6MIphKMJBhWoFb6/r2fg7N/mMpjQ root@ubuntu-xenial (DSA)
<14>Oct 11 20:53:21 ec2: 256 SHA256:zc7HIYwUDWe64cxXfaepiwmiZe+D8xAdovWZsvR4ItA root@ubuntu-xenial (ECDSA)
<14>Oct 11 20:53:21 ec2: 256 SHA256:pGy/f3DmvI9yR1tMq0P/BBfm/Xt8k3Y+ZsXPS7/B/fg root@ubuntu-xenial (ED25519)
<14>Oct 11 20:53:21 ec2: 2048 SHA256:bWlK7MAICBbtfR8+Hu3IQtK+vHhG06Yec8Qp2a27b38 root@ubuntu-xenial (RSA)
<14>Oct 11 20:53:21 ec2: -----END SSH HOST KEY FINGERPRINTS-----
<14>Oct 11 20:53:21 ec2: #############################################################
-----BEGIN SSH HOST KEY KEYS-----
ecdsa-sha2-nistp256 AAAAE2VjZHNhLXNoYTItbmlzdHAyNTYAAAAIbmlzdHAyNTYAAABBBDN2gWjStCDjTY2EKpnVXQRNG5YUpAY1uL3MTFUofue57GrLUHjE3VVzfv67dTB7qD1CyTBZGyIc2GhGb4okQNU= root@ubuntu-xenial
ssh-ed25519 AAAAC3NzaC1lZDI1NTE5AAAAILRkScZoQALsQDnSJz3obazA/r9g1g6aSaH5/Sev+T9J root@ubuntu-xenial
ssh-rsa AAAAB3NzaC1yc2EAAAADAQABAAABAQDBgyQ4LjIoxce8OnOTl5zCJsFYjC6M0i5GCuFzZiQkoBS4Vbtno5LWi4T/1R1+qcMY7weEBWm1pLF1sTFsEGDz8CZBryKSd9ibw9E64LDn5Czik3I0UzneCXzXNCI2K9wXsMLbv6jVdIEpDHLnrYyP9HTRUHzq0AMZ8ki2/Bk3SMcQFrvL1yHirAp7fM3dgyIyxMdOQX+hECPSmcodGDpO0Os8XVcpTLeOJyy8rewdH7JrPkgZQk7EvYxuWqIDPcX8pjlLWJr/qsOlXG7WxGeiiijldNkMPTK+MjZoGUFeENJJSj8AzokhZBfMNt72q9EWtLRVsOdSm+K1qykiGki3 root@ubuntu-xenial
-----END SSH HOST KEY KEYS-----
[   29.782073] cloud-init[1349]: Cloud-init v. 0.7.9 running 'modules:final' at Wed, 11 Oct 2017 20:53:21 +0000. Up 29.54 seconds.
[   29.893290] [cloud-init[0;32m  OK  [0m[1349]: ] ci-info: no authorized ssh keys fingerprints found for user ubuntu.Started Execute cloud user/final scripts.

[   29.893857] cloud-init[1349]: Cloud-init v. 0.7.9 finished at Wed, 11 Oct 2017 20:53:21 +0000. Datasource DataSourceNoCloud [seed=/dev/sdb][dsmode=net].  Up 29.77 seconds
[[0;32m  OK  [0m] Reached target Cloud-init target.

Ubuntu 16.04.3 LTS ubuntu-xenial ttyS0

ubuntu-xenial login: 